// Jest Snapshot v1, https://goo.gl/fbAQLP

exports[`optional-catch-binding.js 1`] = `
try {
  foo();
} catch {
  bar();
}

try {
  foo();
} catch {}

try {
  foo();
} catch {
  bar();
} finally {
  baz();
}
~~~~~~~~~~~~~~~~~~~~~~~~~~~~~~~~~~~~~~~~~~~~~~~~~~~~~~~~~~~~~~~~~~~~~~~~~~~~~~~~
try {
  foo();
} catch {
  bar();
}

try {
  foo();
} catch {}

try {
  foo();
} catch {
  bar();
} finally {
  baz();
}

`;
